[backblue.gif]
[fade.gif]
[index.html]
[www.moveissantos.com/images/favicon.png]
[www.moveissantos.com/images/logos/ms-logo.png]
[www.moveissantos.com/images/scrolldown.png]
[www.moveissantos.com/images/logos/loja.jpg]
[www.moveissantos.com/images/tabs-services/4.jpg]
[www.moveissantos.com/images/portfolio/4big.jpg]
[www.moveissantos.com/images/portfolio/4.jpg]
[www.moveissantos.com/images/portfolio/5big.jpg]
[www.moveissantos.com/images/portfolio/5.jpg]
[www.moveissantos.com/images/portfolio/6big.jpg]
[www.moveissantos.com/images/portfolio/6.jpg]
[www.moveissantos.com/images/portfolio/7big.jpg]
[www.moveissantos.com/images/portfolio/7.jpg]
[www.moveissantos.com/images/portfolio/8big.jpg]
[www.moveissantos.com/images/portfolio/8.jpg]
[www.moveissantos.com/images/portfolio/a_d/1.jpg]
[www.moveissantos.com/images/portfolio/a_d/2.jpg]
[www.moveissantos.com/images/logos/c1.jpg]
[www.moveissantos.com/images/logos/c2.jpg]
[www.moveissantos.com/images/logos/c3.jpg]
[www.moveissantos.com/images/logos/c4.jpg]
[www.moveissantos.com/images/logos/c5.png]
[www.moveissantos.com/images/logos/c6.jpg]
[www.moveissantos.com/images/logos/c7.jpg]
[www.moveissantos.com/images/logos/c8.png]
[www.moveissantos.com/images/logos/c9.jpg]
[www.moveissantos.com/images/logos/c10.png]
[www.moveissantos.com/images/logos/c11.jpg]
[www.moveissantos.com/images/logos/c12.png]
[www.moveissantos.com/images/logos/c14.jpg]
[www.moveissantos.com/images/logos/c15.png]
[www.moveissantos.com/images/mappin.png]
[www.moveissantos.com/index.html]
[www.moveissantos.com/css/bootstrap.css]
[www.moveissantos.com/images/patterns/overlay-pattern.png]
[www.moveissantos.com/images/loading.gif]
[www.moveissantos.com/images/controls.png]
[www.moveissantos.com/images/sprite.png]
[www.moveissantos.com/images/send.png]
[www.moveissantos.com/images/large_left.png]
[www.moveissantos.com/images/large_right.png]
[www.moveissantos.com/images/large_left-light.png]
[www.moveissantos.com/images/large_right-light.png]
[www.moveissantos.com/css/yunik.css]
[www.moveissantos.com/images/grabbing.png]
[www.moveissantos.com/css/owl.carousel.css]
[www.moveissantos.com/icon-fonts/glyphicons-regular.eot]
[www.moveissantos.com/icon-fonts/glyphicons-regulard41d.eot]
[www.moveissantos.com/icon-fonts/glyphicons-regular.ttf]
[www.moveissantos.com/css/webfonts/glyphicons-social-regular.eot]
[www.moveissantos.com/css/webfonts/glyphicons-social-regulard41d.eot]
[www.moveissantos.com/css/webfonts/glyphicons-social-regular.ttf]
[www.moveissantos.com/icon-fonts/fontawesome-webfontba72.eot]
[www.moveissantos.com/icon-fonts/fontawesome-webfontd41d.eot]
[www.moveissantos.com/icon-fonts/fontawesome-webfontba72.woff]
[www.moveissantos.com/icon-fonts/fontawesome-webfontba72.ttf]
[www.moveissantos.com/css/icons-font.css]
[www.moveissantos.com/css/YTPlayer.css]
[www.moveissantos.com/images/cbp-loading.gif]
[www.moveissantos.com/images/cbp-sprite.png]
[www.moveissantos.com/images/cbp-loading-popup.gif]
[www.moveissantos.com/css/cubeportfolio.css]
[www.moveissantos.com/images/retina/logo@2x.png]
[www.moveissantos.com/images/retina/logo-dark@2x.png]
[www.moveissantos.com/images/retina/send@2x.png]
[www.moveissantos.com/images/retina/close@2x.png]
[www.moveissantos.com/images/retina/facebook@2x.png]
[www.moveissantos.com/images/retina/twitter@2x.png]
[www.moveissantos.com/images/retina/forrst@2x.png]
[www.moveissantos.com/images/retina/flickr@2x.png]
[www.moveissantos.com/images/retina/linkedin@2x.png]
[www.moveissantos.com/images/retina/skype@2x.png]
[www.moveissantos.com/images/retina/googleplus@2x.png]
[www.moveissantos.com/images/retina/vimeo@2x.png]
[www.moveissantos.com/images/retina/picasa@2x.png]
[www.moveissantos.com/images/retina/deviantart@2x.png]
[www.moveissantos.com/images/retina/behance@2x.png]
[www.moveissantos.com/images/retina/youtube@2x.png]
[www.moveissantos.com/images/retina/rss@2x.png]
[www.moveissantos.com/images/retina/pinterest@2x.png]
[www.moveissantos.com/images/retina/stumbleupon@2x.png]
[www.moveissantos.com/images/retina/delicious@2x.png]
[www.moveissantos.com/images/retina/digg@2x.png]
[www.moveissantos.com/images/retina/instagram@2x.png]
[www.moveissantos.com/images/retina/myspace@2x.png]
[www.moveissantos.com/images/retina/blogger@2x.png]
[www.moveissantos.com/images/retina/wordpress@2x.png]
[www.moveissantos.com/images/retina/grooveshark@2x.png]
[www.moveissantos.com/images/retina/reddit@2x.png]
[www.moveissantos.com/images/retina/github@2x.png]
[www.moveissantos.com/images/retina/dribbble@2x.png]
[www.moveissantos.com/css/retina.css]
[www.moveissantos.com/rs-plugin/images/gradient/g30.png]
[www.moveissantos.com/rs-plugin/images/gradient/g40.png]
[www.moveissantos.com/rs-plugin/assets/shadow1.png]
[www.moveissantos.com/rs-plugin/assets/shadow2.png]
[www.moveissantos.com/rs-plugin/assets/shadow3.png]
[www.moveissantos.com/rs-plugin/assets/gridtile.png]
[www.moveissantos.com/rs-plugin/assets/gridtile_white.png]
[www.moveissantos.com/rs-plugin/assets/gridtile_3x3.png]
[www.moveissantos.com/rs-plugin/assets/gridtile_3x3_white.png]
[www.moveissantos.com/rs-plugin/assets/large_left.png]
[www.moveissantos.com/rs-plugin/assets/large_right.png]
[www.moveissantos.com/rs-plugin/assets/large_left@2x.png]
[www.moveissantos.com/rs-plugin/assets/large_right@2x.png]
[www.moveissantos.com/rs-plugin/assets/timer.png]
[www.moveissantos.com/rs-plugin/assets/coloredbg.png]
[www.moveissantos.com/rs-plugin/assets/loader.gif]
[www.moveissantos.com/rs-plugin/font/revicons90c6.eot]
[www.moveissantos.com/rs-plugin/font/revicons90c6.woff]
[www.moveissantos.com/rs-plugin/font/revicons90c6.ttf]
[www.moveissantos.com/rs-plugin/css/designare-settings.css]
[www.moveissantos.com/css/color-variations/red.css]
[www.moveissantos.com/css/resize.css]
[www.moveissantos.com/js/jquery.min.js]
[www.moveissantos.com/js/jquery.mb.YTPlayer.js]
[www.moveissantos.com/js/utils.js]
[www.moveissantos.com/index-2.html]
[www.moveissantos.com/images/parallax/5.html]
[www.moveissantos.com/images/parallax/6.html]
[www.moveissantos.com/images/tabs-services/3d2.html]
[www.moveissantos.com/images/tabs-services/22.html]
[www.moveissantos.com/images/parallax/1.html]
[www.moveissantos.com/images/portfolio/1big.html]
[www.moveissantos.com/images/portfolio/1.html]
[www.moveissantos.com/images/portfolio/2big.html]
[www.moveissantos.com/images/portfolio/2.html]
[www.moveissantos.com/images/portfolio/3big.html]
[www.moveissantos.com/images/portfolio/3.html]
[www.moveissantos.com/js/yunik.js]
[www.moveissantos.com/js/jquery.cubeportfolio.min.js]
[www.moveissantos.com/js/portfolio-parallax.js]
[www.moveissantos.com/js/portfolio-index.js]
[www.moveissantos.com/js/owl.carousel.min.js]
[www.moveissantos.com/js/SmoothScroll.js]
[www.moveissantos.com/images/bigplay.html]
[www.moveissantos.com/images/background.html]
[www.moveissantos.com/images/grayscale.svg]
[www.moveissantos.com/images/sprites.html]
[www.moveissantos.com/css/AjaxLoader.html]
[www.moveissantos.com/icon-fonts/glyphicons-regular.woff]
[www.moveissantos.com/icon-fonts/glyphicons-regular.svg]
[www.moveissantos.com/images/glyphicons.html]
[www.moveissantos.com/images/glyphicons-2.html]
[www.moveissantos.com/images/glyphicons-white.html]
[www.moveissantos.com/images/glyphicons-white-2.html]
[www.moveissantos.com/css/webfonts/glyphicons-social-regular.woff]
[www.moveissantos.com/css/webfonts/glyphicons-social-regular.svg]
[www.moveissantos.com/icon-fonts/fontawesome-webfontba72.svg]
[www.moveissantos.com/css/ytp-regular.eot.html]
[www.moveissantos.com/css/ytp-regular.ttf.html]
[www.moveissantos.com/images/raster.html]
[www.moveissantos.com/images/raster@2x.html]
[www.moveissantos.com/rs-plugin/font/revicons90c6.svg]
[www.moveissantos.com/Popover requires tooltip.html]
